// Jest Snapshot v1, https://goo.gl/fbAQLP

exports[`Button should render a Button 1`] = `
<button
  className={[Function]}
  disabled={false}
  onClick={[Function]}
  type="button"
>
  Some text
</button>
`;
